MX 4
MY 4
H 4
V 6
RAMP 1
MAKESPAN 34
NEVENTS 240
# p c send src
0 4 1 0
1 0 1 1
1 2 1 1
6 5 1 6
6 10 1 6
7 3 1 7
8 12 1 8
9 5 1 9
9 10 1 9
14 13 1 14
14 15 1 14
15 11 1 15
0 1 2 0
1 5 2 1
6 2 2 6
7 11 2 7
8 4 2 8
9 13 2 9
14 10 2 14
15 14 2 15
2 1 3 2
2 6 3 2
3 2 3 3
4 8 3 4
5 1 3 5
5 6 3 5
10 9 3 10
10 14 3 10
11 7 3 11
12 13 3 12
13 9 3 13
13 14 3 13
2 3 4 2
3 7 4 3
4 0 4 4
5 9 4 5
10 6 4 10
11 15 4 11
12 8 4 12
13 12 4 13
0 4 5 1
2 3 5 1
5 4 5 6
10 11 5 9
13 12 5 14
15 11 5 14
1 2 6 0
1 5 6 0
14 10 6 15
14 13 6 15
1 0 7 2
2 1 7 3
2 6 7 3
3 2 7 7
4 8 7 0
5 1 7 9
5 6 7 9
6 7 7 5
9 8 7 10
10 9 7 6
10 14 7 6
11 7 7 15
12 13 7 8
13 9 7 12
13 14 7 12
14 15 7 13
2 1 8 6
2 3 8 6
3 7 8 2
4 0 8 8
5 6 8 1
5 9 8 1
10 6 8 14
10 9 8 14
11 15 8 7
12 8 8 13
13 12 8 9
13 14 8 9
1 0 9 5
1 2 9 5
6 5 9 2
6 10 9 2
7 3 9 11
8 12 9 4
9 5 9 13
9 10 9 13
14 13 9 10
14 15 9 10
0 1 10 4
2 3 10 0
6 2 10 10
6 5 10 10
7 11 10 3
8 4 10 12
9 10 10 5
9 13 10 5
13 12 10 15
15 14 10 11
1 0 11 3
2 1 11 7
2 6 11 7
4 8 11 1
6 7 11 9
9 8 11 6
11 7 11 14
13 9 11 8
13 14 11 8
14 15 11 12
1 0 12 6
3 7 12 6
5 6 12 0
5 9 12 0
6 7 12 1
9 8 12 14
10 6 12 15
10 9 12 15
12 8 12 9
14 15 12 9
0 4 13 5
1 0 13 9
1 2 13 9
2 3 13 5
5 4 13 2
6 5 13 3
6 10 13 3
7 3 13 15
8 12 13 0
9 5 13 12
9 10 13 12
10 11 13 13
13 12 13 10
14 13 13 6
14 15 13 6
15 11 13 10
0 1 14 8
1 2 14 4
1 5 14 4
5 4 14 10
6 2 14 14
6 5 14 14
7 11 14 2
8 4 14 13
9 10 14 1
9 13 14 1
10 11 14 5
14 10 14 11
14 13 14 11
15 14 14 7
1 0 15 7
3 2 15 11
5 1 15 13
5 6 15 13
10 9 15 2
10 14 15 2
12 13 15 4
14 15 15 8
2 1 16 10
2 3 16 10
4 0 16 12
6 7 16 0
9 8 16 15
11 15 16 3
13 12 16 5
13 14 16 5
0 4 17 9
2 3 17 9
5 4 17 3
6 5 17 7
6 10 17 7
7 3 17 14
8 12 17 1
9 5 17 8
9 10 17 8
10 11 17 12
13 12 17 6
15 11 17 6
1 2 18 8
2 3 18 4
5 4 18 14
6 5 18 15
9 10 18 0
10 11 18 1
13 12 18 11
14 13 18 7
2 1 19 11
2 6 19 11
3 2 19 15
4 8 19 5
5 1 19 12
5 6 19 12
6 7 19 13
9 8 19 2
10 9 19 3
10 14 19 3
11 7 19 10
12 13 19 0
13 9 19 4
13 14 19 4
1 0 20 10
2 1 20 14
5 6 20 4
10 9 20 11
13 14 20 1
14 15 20 5
1 0 21 13
1 2 21 13
5 4 21 7
10 11 21 8
14 13 21 2
14 15 21 2
2 3 22 8
5 4 22 15
10 11 22 0
13 12 22 7
1 0 23 11
2 1 23 15
5 6 23 8
6 7 23 12
9 8 23 3
10 9 23 7
13 14 23 0
14 15 23 4
1 0 24 14
6 7 24 4
9 8 24 11
14 15 24 1
1 2 25 12
2 3 25 13
6 5 25 11
9 10 25 4
13 12 25 2
14 13 25 3
1 0 27 15
6 7 27 8
9 8 27 7
14 15 27 0
2 3 29 12
5 4 29 11
10 11 29 4
13 12 29 3
