MX 4
MY 4
H 4
V 6
RAMP 1
MAKESPAN 42
NEVENTS 240
# p c send src
0 1 1 0
0 4 1 0
1 0 1 1
1 2 1 1
2 1 1 2
2 3 1 2
3 2 1 3
3 7 1 3
4 0 1 4
4 8 1 4
5 6 1 5
5 9 1 5
6 5 1 6
6 7 1 6
7 3 1 7
7 6 1 7
8 4 1 8
8 12 1 8
9 5 1 9
9 10 1 9
10 9 1 10
10 11 1 10
11 10 1 11
11 15 1 11
12 8 1 12
12 13 1 12
13 12 1 13
13 14 1 13
14 13 1 14
14 15 1 14
15 11 1 15
15 14 1 15
0 4 5 1
1 0 5 2
1 2 5 0
2 1 5 3
2 3 5 1
3 7 5 2
5 9 5 6
6 5 5 7
6 7 5 5
7 3 5 6
9 5 5 10
10 9 5 11
10 11 5 9
11 15 5 10
12 8 5 13
13 12 5 14
13 14 5 12
14 13 5 15
14 15 5 13
15 11 5 14
0 1 7 4
3 2 7 7
4 0 7 8
4 8 7 0
5 6 7 9
7 6 7 3
8 4 7 12
8 12 7 4
9 10 7 5
11 10 7 15
12 13 7 8
15 14 7 11
0 4 9 2
1 0 9 3
2 3 9 0
3 7 9 1
5 9 9 7
7 3 9 5
9 5 9 11
11 15 9 9
12 8 9 14
13 12 9 15
14 15 9 12
15 11 9 13
1 2 11 4
2 1 11 7
3 2 11 6
4 8 11 1
5 6 11 10
6 5 11 3
6 7 11 9
7 6 11 2
8 4 11 13
9 10 11 6
10 9 11 15
10 11 11 5
11 10 11 14
13 14 11 8
14 13 11 11
15 14 11 10
0 1 13 8
0 4 13 3
3 7 13 0
4 0 13 12
8 12 13 0
12 8 13 15
12 13 13 4
15 11 13 12
1 0 15 7
2 1 15 6
2 3 15 4
3 2 15 5
4 8 15 2
5 6 15 11
5 9 15 3
6 5 15 2
6 7 15 10
7 3 15 9
7 6 15 1
8 4 15 14
9 5 15 15
9 10 15 7
10 9 15 14
10 11 15 6
11 10 15 13
11 15 15 5
13 12 15 11
14 13 15 10
14 15 15 8
15 14 15 9
1 2 17 8
4 0 17 13
8 12 17 1
13 14 17 4
0 1 19 12
0 4 19 7
1 0 19 6
2 1 19 5
3 7 19 4
4 8 19 3
5 9 19 2
6 5 19 1
6 7 19 11
7 3 19 10
7 6 19 0
8 4 19 15
9 5 19 14
10 9 19 13
10 11 19 7
11 10 19 12
11 15 19 6
12 8 19 11
12 13 19 0
13 12 19 10
14 13 19 9
15 11 19 8
2 3 21 8
3 2 21 9
4 0 21 14
5 6 21 15
8 12 21 2
9 10 21 3
14 15 21 4
15 14 21 5
0 1 23 13
0 4 23 6
1 0 23 5
1 2 23 12
5 9 23 1
6 5 23 0
7 3 23 11
9 5 23 13
10 9 23 12
11 15 23 7
12 8 23 10
12 13 23 1
13 12 23 9
13 14 23 0
2 1 25 9
3 2 25 10
3 7 25 8
4 0 25 15
4 8 25 7
5 6 25 14
6 7 25 15
7 6 25 4
8 4 25 11
8 12 25 3
9 10 25 2
10 11 25 3
11 10 25 8
14 13 25 5
15 11 25 4
15 14 25 6
0 1 27 14
0 4 27 5
1 2 27 13
2 3 27 12
5 9 27 0
9 5 27 12
12 8 27 9
12 13 27 2
13 14 27 1
14 15 27 0
1 0 29 9
2 1 29 10
3 2 29 11
4 8 29 6
5 6 29 13
6 5 29 4
6 7 29 14
7 3 29 15
8 4 29 10
9 10 29 1
10 9 29 8
10 11 29 2
11 15 29 3
13 12 29 5
14 13 29 6
15 14 29 7
0 1 31 15
1 2 31 14
2 3 31 13
3 7 31 12
4 0 31 11
7 6 31 8
8 12 31 7
11 10 31 4
12 13 31 3
13 14 31 2
14 15 31 1
15 11 31 0
5 9 33 4
8 4 33 9
9 10 33 0
10 11 33 1
11 15 33 2
12 8 33 5
13 12 33 6
14 13 33 7
1 2 35 15
2 3 35 14
3 7 35 13
4 0 35 10
6 5 35 8
15 14 35 3
0 1 37 11
7 6 37 12
